// Jest Snapshot v1, https://goo.gl/fbAQLP

exports[`App test login 1`] = `
Object {
  "asFragment": [Function],
  "baseElement": <body>
    <div>
      <div />
      <div>
        <div>
          <div>
            <h1
              class="title"
            >
              Employee Polls
            </h1>
            <img
              alt="logo"
              class="logo"
              src="school.png"
            />
            <h2
              class="subtitle"
            >
              Log In
            </h2>
            <form
              class="form"
            >
              <div
                class="mb-3"
              >
                <label
                  class="form-label"
                  for="formBasicEmail"
                >
                  User
                </label>
                <input
                  class="form-control"
                  data-testid="username-input"
                  id="formBasicEmail"
                  placeholder="Username"
                  type="text"
                  value=""
                />
              </div>
              <div
                class="mb-3"
              >
                <label
                  class="form-label"
                  for="formBasicPassword"
                >
                  Password
                </label>
                <input
                  class="form-control"
                  data-testid="password-input"
                  id="formBasicPassword"
                  placeholder="Password"
                  type="password"
                  value=""
                />
                <small
                  class="form-text"
                />
              </div>
              <button
                class="button btn btn-primary"
                disabled=""
                type="submit"
              >
                Submit
              </button>
            </form>
          </div>
        </div>
      </div>
    </div>
  </body>,
  "container": <div>
    <div />
    <div>
      <div>
        <div>
          <h1
            class="title"
          >
            Employee Polls
          </h1>
          <img
            alt="logo"
            class="logo"
            src="school.png"
          />
          <h2
            class="subtitle"
          >
            Log In
          </h2>
          <form
            class="form"
          >
            <div
              class="mb-3"
            >
              <label
                class="form-label"
                for="formBasicEmail"
              >
                User
              </label>
              <input
                class="form-control"
                data-testid="username-input"
                id="formBasicEmail"
                placeholder="Username"
                type="text"
                value=""
              />
            </div>
            <div
              class="mb-3"
            >
              <label
                class="form-label"
                for="formBasicPassword"
              >
                Password
              </label>
              <input
                class="form-control"
                data-testid="password-input"
                id="formBasicPassword"
                placeholder="Password"
                type="password"
                value=""
              />
              <small
                class="form-text"
              />
            </div>
            <button
              class="button btn btn-primary"
              disabled=""
              type="submit"
            >
              Submit
            </button>
          </form>
        </div>
      </div>
    </div>
  </div>,
  "debug": [Function],
  "findAllByAltText": [Function],
  "findAllByDisplayValue": [Function],
  "findAllByLabelText": [Function],
  "findAllByPlaceholderText": [Function],
  "findAllByRole": [Function],
  "findAllByTestId": [Function],
  "findAllByText": [Function],
  "findAllByTitle": [Function],
  "findByAltText": [Function],
  "findByDisplayValue": [Function],
  "findByLabelText": [Function],
  "findByPlaceholderText": [Function],
  "findByRole": [Function],
  "findByTestId": [Function],
  "findByText": [Function],
  "findByTitle": [Function],
  "getAllByAltText": [Function],
  "getAllByDisplayValue": [Function],
  "getAllByLabelText": [Function],
  "getAllByPlaceholderText": [Function],
  "getAllByRole": [Function],
  "getAllByTestId": [Function],
  "getAllByText": [Function],
  "getAllByTitle": [Function],
  "getByAltText": [Function],
  "getByDisplayValue": [Function],
  "getByLabelText": [Function],
  "getByPlaceholderText": [Function],
  "getByRole": [Function],
  "getByTestId": [Function],
  "getByText": [Function],
  "getByTitle": [Function],
  "queryAllByAltText": [Function],
  "queryAllByDisplayValue": [Function],
  "queryAllByLabelText": [Function],
  "queryAllByPlaceholderText": [Function],
  "queryAllByRole": [Function],
  "queryAllByTestId": [Function],
  "queryAllByText": [Function],
  "queryAllByTitle": [Function],
  "queryByAltText": [Function],
  "queryByDisplayValue": [Function],
  "queryByLabelText": [Function],
  "queryByPlaceholderText": [Function],
  "queryByRole": [Function],
  "queryByTestId": [Function],
  "queryByText": [Function],
  "queryByTitle": [Function],
  "rerender": [Function],
  "unmount": [Function],
}
`;
